Starting Middleware Verification...

Test Case: Arabic User (Egypt) (Country: EG)
Status: 307
Location: /ar
-----------------------------------
Test Case: Arabic User (KSA) (Country: SA)
Status: 307
Location: /ar
-----------------------------------
Test Case: Non-Arabic User (US) (Country: US)
Status: 307
Location: /en
-----------------------------------
Test Case: Non-Arabic User (France) (Country: FR)
Status: 307
Location: /en
-----------------------------------
